<html>
<body>
<pre>
<h1>µVision Build Log</h1>
<h2>Tool Versions:</h2>
IDE-Version: ¦ÌVision V5.14.2
Copyright (C) 2015 ARM Ltd and ARM Germany GmbH. All rights reserved.
License Information: Cortex-M3, JLU, LIC=585FJ-U4CP3-EVZ1R-KJQMW-F88H4-E7FSR
 
Tool Versions:
Toolchain:       MDK-ARM Standard  Version: 5.20
Toolchain Path:  D:\Program\Keil5\ARM\ARMCC\Bin
C Compiler:      Armcc.exe V5.06 update 2 (build 183)
Assembler:       Armasm.exe V5.06 update 2 (build 183)
Linker/Locator:  ArmLink.exe V5.06 update 2 (build 183)
Library Manager: ArmAr.exe V5.06 update 2 (build 183)
Hex Converter:   FromElf.exe V5.06 update 2 (build 183)
CPU DLL:         SARMCM3.DLL V5.20
Dialog DLL:      DARMSTM.DLL V1.66.0.0
Target DLL:      STLink\ST-LINKIII-KEIL_SWO.dll V2.0.18.0
Dialog DLL:      TARMSTM.DLL V1.65.0.0
 
<h2>Project:</h2>
D:\STM32F103C8T6\5_Interrupt\Demo.uvproj
Project File Date:  05/12/2022

<h2>Output:</h2>
*** Using Compiler 'V5.06 update 2 (build 183)', folder: 'D:\Program\Keil5\ARM\ARMCC\Bin'
Build target 'Target 1'
compiling bsp_exti.c...
User\bsp_exti.c(77): warning:  #1-D: last line of file ends without a newline
  }
User\bsp_exti.c: 1 warning, 0 errors
linking...
Program Size: Code=1504 RO-data=252 RW-data=0 ZI-data=1632  
".\Objects\Demo.axf" - 0 Error(s), 1 Warning(s).
</pre>
</body>
</html>
